<!DOCTYPE html><html lang="en"> <head> <meta charset="UTF-8"/> <meta http-equiv="X-UA-Compatible" content="IE=edge"/> <meta name="viewport" content="width=device-width, initial-scale=1.0"/> <title>Progate Path Developers Blog</title> <meta name="description" content="This is a technical blog by the development members of Progate Path, covering a variety of topics from the latest information on AI and cloud computing to organization building and member introductions."/> <link rel="stylesheet" href="./stylesheet/reset.css"/> <link rel="stylesheet" href="./stylesheet/common.css"/> <link rel="stylesheet" href="./stylesheet/top.css"/> </head> <body> <header class="header"> <div class="logo"> <a href="./top.html"> <img class="logo__image" src="./images/logo.svg" alt=""/> </a> </div><div class="hamburger"> <span class="hamburger__line"></span> </div><nav class="global-nav"> <ul class="global-nav__list"> <li class="global-nav__item global-nav__item--current"> <a href="./top.html">top</a> </li><li class="global-nav__item"> <a href="#">articles</a> </li><li class="global-nav__item"> <a href="#">members</a> </li><li class="global-nav__item"> <a href="#">contact</a> </li></ul> </nav> </header> <main> <h1 class="page-header"> <div class="page-header__inner"> <img class="page-header__title" src="./images/progate_path.svg" alt="progate path"/> <div class="page-header__sub-title">developers blog</div></div></h1> <div class="category-list" data-test="article-list"> <section class="category"> <h2 class="category__title">Popular Articles</h2> <ul class="category__body card-list"> <li class="card-list__item"> <a class="card" href="./article.html"> <div class="card__image"> <img src="./images/article_thumbnail.png" alt="edit html on a monitor"/> </div><div class="card__body"> <h3 class="card__title">Let's master CSS flexboxes!</h3> <p class="card__text"> Hello, this is Tanaka from Progate My name is Tanaka from Path. This time, I would like to show you a more advanced use of flexboxes. </p><div class="card__meta"> <span class="card__meta-item">Taro Tanaka</span> <span class="card__meta-item">2023/03/20</span> </div></div></a> </li><li class="card-list__item"> <a class="card" href="./article.html"> <div class="card__image"> <img src="./images/article_thumbnail.png" alt="edit html on a monitor"/> </div><div class="card__body"> <h3 class="card__title">Let's master CSS flexboxes!</h3> <p class="card__text"> Hello, this is Tanaka from Progate This is Tanaka from Path. In this article, I'd like to show you a more advanced use of the animation property. </p><div class="card__meta"> <span class="card__meta-item">Taro Tanaka</span> <span class="card__meta-item">2023/03/20</span> </div></div></a> </li><li class="card-list__item"> <a class="card" href="./article.html"> <div class="card__image"> <img src="./images/article_thumbnail.png" alt="edit html on a monitor"/> </div><div class="card__body"> <h3 class="card__title">Let's master CSS flexboxes!</h3> <p class="card__text"> Hello, this is Tanaka from Progate This is Tanaka from Path. In this article, I'd like to show you a more advanced use of the animation property. </p><div class="card__meta"> <span class="card__meta-item">Taro Tanaka</span> <span class="card__meta-item">2023/03/20</span> </div></div></a> </li></ul> </section> <section class="category"> <h2 class="category__title">Latest Articles</h2> <ul class="category__body card-list"> <li class="card-list__item"> <a class="card" href="./article.html"> <div class="card__image"> <img src="./images/article_thumbnail.png" alt="edit html on a monitor"/> </div><div class="card__body"> <h3 class="card__title">Let's master CSS flexboxes!</h3> <p class="card__text"> Hello, this is Tanaka from Progate This is Tanaka from Path. In this article, I'd like to show you a more advanced use of the animation property. </p><div class="card__meta"> <span class="card__meta-item">Taro Tanaka</span> <span class="card__meta-item">2023/03/20</span> </div></div></a> </li><li class="card-list__item"> <a class="card" href="./article.html"> <div class="card__image"> <img src="./images/article_thumbnail.png" alt="edit html on a monitor"/> </div><div class="card__body"> <h3 class="card__title">Let's master CSS flexboxes!</h3> <p class="card__text"> Hello, this is Tanaka from Progate This is Tanaka from Path. In this article, I'd like to show you a more advanced use of the animation property. </p><div class="card__meta"> <span class="card__meta-item">Taro Tanaka</span> <span class="card__meta-item">2023/03/20</span> </div></div></a> </li><li class="card-list__item"> <a class="card" href="./article.html"> <div class="card__image"> <img src="./images/article_thumbnail.png" alt="edit html on a monitor"/> </div><div class="card__body"> <h3 class="card__title">Let's master CSS flexboxes!</h3> <p class="card__text"> Hello, this is Tanaka from Progate This is Tanaka from Path. In this article, I'd like to show you a more advanced use of the animation property. </p><div class="card__meta"> <span class="card__meta-item">Taro Tanaka</span> <span class="card__meta-item">2023/03/20</span> </div></div></a> </li></ul> </section> </div></main> <footer class="footer"> <ul class="site-nav"> <li class="site-nav__item"> <a href="#">site policy</a> </li><li class="site-nav__item"> <a href="#">privacy policy</a> </li><li class="site-nav__item"> <a href="#">site map</a> </li></ul> <div class="copyright">Â© 2023 Sample, Inc.</div></footer> </body></html>
